// Jest Snapshot v1, https://goo.gl/fbAQLP

exports[`<StaticMap /> component renders correctly 1`] = `
<View
  accessible={true}
  isTVSelectable={true}
  onResponderGrant={[Function]}
  onResponderMove={[Function]}
  onResponderRelease={[Function]}
  onResponderTerminate={[Function]}
  onResponderTerminationRequest={[Function]}
  onStartShouldSetResponder={[Function]}
  style={
    Object {
      "opacity": 1,
    }
  }
  testID="staticMapLink"
>
  <View
    style={
      Object {
        "backgroundColor": "transparent",
        "position": "relative",
      }
    }
  >
    <Image
      onLoadEnd={[Function]}
      source={
        Object {
          "uri": "https://maps.googleapis.com/maps/api/staticmap?center=51.2099548,-4.1149755&zoom=16&size=750x750&maptype=roadmap&markers=color:green%7C51.2099548,-4.1149755&key=AIzaSyDYRidbnlD1wq1VJ45S7LxAteBk55tQnEU",
        }
      }
      style={
        Object {
          "height": 750,
          "marginTop": 20,
          "width": 750,
        }
      }
      testID="staticMapImage"
      theme={
        Object {
          "colors": Object {
            "disabled": "hsl(208, 8%, 90%)",
            "divider": "#bcbbc1",
            "error": "#ff190c",
            "grey0": "#393e42",
            "grey1": "#43484d",
            "grey2": "#5e6977",
            "grey3": "#86939e",
            "grey4": "#bdc6cf",
            "grey5": "#e1e8ee",
            "greyOutline": "#bbb",
            "platform": Object {
              "android": Object {
                "error": "#f44336",
                "primary": "#2196f3",
                "secondary": "#9C27B0",
                "success": "#4caf50",
                "warning": "#ffeb3b",
              },
              "ios": Object {
                "error": "#ff3b30",
                "primary": "#007aff",
                "secondary": "#5856d6",
                "success": "#4cd964",
                "warning": "#ffcc00",
              },
            },
            "primary": "#2089dc",
            "searchBg": "#303337",
            "secondary": "#8F0CE8",
            "success": "#52c41a",
            "warning": "#faad14",
          },
        }
      }
    />
    <View
      style={
        Object {
          "bottom": 0,
          "left": 0,
          "opacity": 1,
          "position": "absolute",
          "right": 0,
          "top": 0,
        }
      }
    >
      <View
        style={
          Object {
            "alignItems": "center",
            "backgroundColor": "#fff",
            "height": 750,
            "justifyContent": "center",
            "marginTop": 20,
            "width": 750,
          }
        }
        testID="RNE__Image__placeholder"
      >
        <ActivityIndicator
          animating={true}
          color="red"
          hidesWhenStopped={true}
          size="large"
        />
      </View>
    </View>
  </View>
</View>
`;
